---
source: crates/ruff_python_parser/src/string.rs
expression: suite
---
[
    Expr(
        StmtExpr {
            range: 0..19,
            value: StringLiteral(
                ExprStringLiteral {
                    range: 0..19,
                    value: StringLiteralValue {
                        inner: SinglePart(
                            StringLiteral {
                                range: 0..19,
                                value: "text more text",
                                flags: StringLiteralFlags {
                                    quote_style: Single,
                                    prefix: Empty,
                                    triple_quoted: false,
                                },
                            },
                        ),
                    },
                },
            ),
        },
    ),
]
