---
source: crates/ruff_python_parser/src/string.rs
expression: suite
---
[
    Expr(
        StmtExpr {
            range: 0..8,
            value: BytesLiteral(
                ExprBytesLiteral {
                    range: 0..8,
                    value: BytesLiteralValue {
                        inner: SinglePart(
                            BytesLiteral {
                                range: 0..8,
                                value: [
                                    92,
                                    120,
                                    49,
                                    122,
                                ],
                                flags: BytesLiteralFlags {
                                    quote_style: Single,
                                    prefix: Raw {
                                        uppercase_r: false,
                                    },
                                    triple_quoted: false,
                                },
                            },
                        ),
                    },
                },
            ),
        },
    ),
]
