---
source: crates/ruff_python_parser/src/lexer.rs
expression: fstring_single_quote_escape_eol(MAC_EOL)
---
[
    (
        FStringStart(
            Single,
        ),
        0..2,
    ),
    (
        FStringMiddle {
            value: "text \\\r more text",
            is_raw: false,
            quote_kind: Single,
        },
        2..19,
    ),
    (
        FStringEnd(
            Single,
        ),
        19..20,
    ),
    (
        Newline,
        20..20,
    ),
]
