---
source: crates/ruff_python_parser/src/lexer.rs
expression: lex_source(source)
---
[
    (
        String {
            value: "\\N{EN SPACE}",
            kind: String,
            quote_kind: Double,
        },
        0..14,
    ),
    (
        Newline,
        14..14,
    ),
]
