---
source: crates/ruff_linter/src/rules/ruff/mod.rs
snapshot_kind: text
---
RUF052.py:80:16: RUF052 Local variable `_var` with leading underscore is accessed
   |
78 |     def fun(self):
79 |         _var = "method variable"
80 |         return _var # [RUF052]
   |                ^^^^ RUF052
81 | 
82 | def fun(_var):
   |
   = help: Remove leading underscores

RUF052.py:83:12: RUF052 Local variable `_var` with leading underscore is accessed
   |
82 | def fun(_var):
83 |     return _var # [RUF052]
   |            ^^^^ RUF052
84 | 
85 | def fun():
   |
   = help: Remove leading underscores

RUF052.py:87:12: RUF052 Local variable `_list` with leading underscore is accessed
   |
85 | def fun():
86 |     _list = "built-in"
87 |     return _list # [RUF052]
   |            ^^^^^ RUF052
88 | 
89 | x = "global"
   |
   = help: Prefer using trailing underscores to avoid shadowing a built-in

RUF052.py:94:12: RUF052 Local variable `_x` with leading underscore is accessed
   |
92 |     global x
93 |     _x = "shadows global"
94 |     return _x # [RUF052]
   |            ^^ RUF052
95 | 
96 | def foo():
   |
   = help: Prefer using trailing underscores to avoid shadowing a variable

RUF052.py:101:12: RUF052 Local variable `_x` with leading underscore is accessed
    |
 99 |     nonlocal x
100 |     _x = "shadows nonlocal"
101 |     return _x # [RUF052]
    |            ^^ RUF052
102 |   bar()
103 |   return x
    |
    = help: Prefer using trailing underscores to avoid shadowing a variable

RUF052.py:108:12: RUF052 Local variable `_x` with leading underscore is accessed
    |
106 |     x = "local"
107 |     _x = "shadows local"
108 |     return _x # [RUF052]
    |            ^^ RUF052
    |
    = help: Prefer using trailing underscores to avoid shadowing a variable
